// Jest Snapshot v1, https://goo.gl/fbAQLP

exports[`App component test Should render App component 1`] = `ShallowWrapper {}`;
