// Jest Snapshot v1, https://goo.gl/fbAQLP

exports[`Cell component Should render Cell component 1`] = `ShallowWrapper {}`;
